[System: 192.168.1.76] DEBUG | 07/02/2026 14:35:10.628 | General Service|:: CompanyIndex:0 SpName: spADM_GetClientUserDetails2C 
 'admin'
 ,1
 ,0
[System: 192.168.1.76] DEBUG | 07/02/2026 14:35:10.816 | General Service|:: CompanyIndex:0 SpName: spADM_UserLoginCheck 
 2
 ,'admin'
 ,0
 ,'192.168.1.76'
 ,'192.168.1.76'
 ,''
 ,'Web'
 ,1
[System: 192.168.1.76] DEBUG | 07/02/2026 14:35:11.519 | General Service|:: CompanyIndex:1 SpName: spADM_GetClientUserDetails 
 'admin'
 ,1
 ,'28.3.6'
 ,0
[System: 192.168.1.76] DEBUG | 07/02/2026 14:35:11.722 | General Service|:: CompanyIndex:0 SpName: spADM_UserLoginCheck 
 2
 ,'admin'
 ,1
 ,'192.168.1.76'
 ,'192.168.1.76'
 ,''
 ,'Web'
 ,1
[System: 192.168.1.76] DEBUG | 07/02/2026 14:35:12.159 | General Service|:: CompanyIndex:0 SpName: spADM_Login 
 1
 ,''
 ,''
 ,''
 ,''
 ,''
 ,1
[System: 192.168.1.76] DEBUG | 07/02/2026 14:35:12.362 | General Service|:: CompanyIndex:1 SpName: spADM_GetDataSet 
 'select Value from ADM_GlobalPreferences with (nolock) where name =''EnableReLogin'''
 ,1
 ,1
[System: 192.168.1.76] DEBUG | 07/02/2026 14:35:12.362 | General Service|:: CompanyIndex:1 SpName: spADM_GetDataSet 
 'select * from COM_TokenHistory WITH(NOLOCK) where JwtToken=''eyJhbGciOiJIUzI1NiIsInR5cCI6IkpXVCJ9.eyJ1bmlxdWVfbmFtZSI6ImFkbWluLDEsMSwxIiwibmJmIjoxNzgyOTgzMTExLCJleHAiOjE3ODMwMTE5MTEsImlhdCI6MTc4Mjk4MzExMX0.vxuULiGy5UV1OBKNzNPKE42JrX_0519RQt9tb11sCdo'''
 ,1
 ,1
[System: 192.168.1.76] DEBUG | 07/02/2026 14:35:12.394 | General Service|:: CompanyIndex:0 SpName: spADM_Login 
 4
 ,''
 ,''
 ,''
 ,'declare @Cnt int,@ExpiredGUID nvarchar(50),@AllowSession int,@GUID nvarchar(50),@CurrDate float,@UserID INT,@Instances INT,@InstancesExists INT,@LCDBIndex int
set @CurrDate= convert(float,dateadd(minute,-21,getdate()))
set @AllowSession=0
set @GUID=''1ae03fa6-1a94-4e72-bc58-3dd3c5699dbf''
set @LCDBIndex=1
select top 1 @UserID=UserID,@Instances=InstanceCount from ADM_Users with(nolock) where UserName=''admin''
if exists(select [GUID] from ADM_Login with(nolock) where [GUID]=@GUID)
begin
	update ADM_Login 
	set LastAccessTime=convert(float,getdate()),UserID=@UserID
	where [GUID]=@GUID
    set @AllowSession=1
end
else
begin
	select @Cnt=count(*) from ADM_Login with(nolock) where LCDBIndex=@LCDBIndex and [GUID]!=''ACCESSRIGHTS''  and AP =''WEB''  
    if(@Cnt<100)
		set @AllowSession=1
	else
	begin
		select top 1 @ExpiredGUID=[GUID] from ADM_Login with(nolock)
		where [GUID]!=''ACCESSRIGHTS'' and LCDBIndex=@LCDBIndex and LastAccessTime<@CurrDate  and AP =''WEB''  
 order by LastAccessTime asc

        if @ExpiredGUID is not null
		begin
			delete from ADM_Login where [GUID]=@ExpiredGUID
			set @AllowSession=1
		end
	end
	if @AllowSession=1
	begin
        select @InstancesExists=COUNT(*) from ADM_Login with(nolock)
		where [GUID]!=''ACCESSRIGHTS'' and LCDBIndex=@LCDBIndex and LastAccessTime>=@CurrDate and UserID=@UserID  and AP =''WEB''  
         if (@Instances!=0 and @Instances<=@InstancesExists)
			set @AllowSession=2
		else
		    INSERT INTO ADM_Login([GUID],[SysName],IPAddress,[Status],LoginTime,LastAccessTime,AccessRights,UserID,DBIndex,LCDBIndex,AP)
		    VALUES(@GUID,''WEB'',''192.168.1.76'',1,convert(float,getdate()),convert(float,getdate()),null,@UserID,1,@LCDBIndex, ''WEB'')
	end
end

select @AllowSession AllowSession,@Instances Instances,@InstancesExists InstancesExists
'
 ,''
 ,1
[System: 192.168.1.76] DEBUG | 07/02/2026 14:35:12.394 | General Service|:: CompanyIndex:1 SpName: spADM_GetDataSet 
 'select * from COM_TokenHistory WITH(NOLOCK) where JwtToken=''eyJhbGciOiJIUzI1NiIsInR5cCI6IkpXVCJ9.eyJ1bmlxdWVfbmFtZSI6ImFkbWluLDEsMSwxIiwibmJmIjoxNzgyOTgzMTExLCJleHAiOjE3ODMwMTE5MTEsImlhdCI6MTc4Mjk4MzExMX0.vxuULiGy5UV1OBKNzNPKE42JrX_0519RQt9tb11sCdo'''
 ,1
 ,1
[System: 192.168.1.76] DEBUG | 07/02/2026 14:35:12.456 | General Service|:: CompanyIndex:1 SpName: spADM_GetDataSet 
 'SELECT (SELECT COUNT(*) FROM COM_Location L WITH(NOLOCK) JOIN COM_Status S WITH(NOLOCK) ON S.StatusID=L.StatusID WHERE L.IsGroup=0 AND S.[Status]=''Active'') ML
,(SELECT COUNT(*) FROM ADM_Features WITH(NOLOCK) WHERE ((FeatureID>50000 AND FeatureID<=50050) OR FeatureID>=51000) AND IsEnabled=1) MD
,(SELECT ISNULL(COUNT(*),0) FROM ADM_RevenUReports WITH(NOLOCK) WHERE IsGroup=0 AND ReportID>10000 AND StaticReportType IN (0,-1)) MR'
 ,1
 ,1
[System: 192.168.1.76] DEBUG | 07/02/2026 14:35:12.456 | General Service|:: CompanyIndex:1 SpName: spADM_GetDataSet 
 'select * from COM_TokenHistory WITH(NOLOCK) where JwtToken=''eyJhbGciOiJIUzI1NiIsInR5cCI6IkpXVCJ9.eyJ1bmlxdWVfbmFtZSI6ImFkbWluLDEsMSwxIiwibmJmIjoxNzgyOTgzMTExLCJleHAiOjE3ODMwMTE5MTEsImlhdCI6MTc4Mjk4MzExMX0.vxuULiGy5UV1OBKNzNPKE42JrX_0519RQt9tb11sCdo'''
 ,1
 ,1
[System: 192.168.1.76] DEBUG | 07/02/2026 14:35:12.487 | General Service|:: CompanyIndex:1 SpName: spADM_GetDataSet 
 'select ReportID, ReportName from ADM_RevenUReports WITH(NOLOCK)WHERE ReportID IN(30,10220,69,10257) '
 ,1
 ,1
[System: 192.168.1.76] DEBUG | 07/02/2026 14:35:12.503 | General Service|:: CompanyIndex:1 SpName: spADM_GetDataSet 
 'select * from COM_TokenHistory WITH(NOLOCK) where JwtToken=''eyJhbGciOiJIUzI1NiIsInR5cCI6IkpXVCJ9.eyJ1bmlxdWVfbmFtZSI6ImFkbWluLDEsMSwxIiwibmJmIjoxNzgyOTgzMTExLCJleHAiOjE3ODMwMTE5MTEsImlhdCI6MTc4Mjk4MzExMX0.vxuULiGy5UV1OBKNzNPKE42JrX_0519RQt9tb11sCdo'''
 ,1
 ,1
[System: 192.168.1.76] DEBUG | 07/02/2026 14:35:12.581 | General Service|:: CompanyIndex:1 SpName: spRPT_GetUnApprovedDocsCount 
 ''
 ,'1'
 ,'1'
 ,1
[System: 192.168.1.76] DEBUG | 07/02/2026 14:35:12.581 | General Service|:: CompanyIndex:1 SpName: spADM_GetDataSet 
 'select * from COM_TokenHistory WITH(NOLOCK) where JwtToken=''eyJhbGciOiJIUzI1NiIsInR5cCI6IkpXVCJ9.eyJ1bmlxdWVfbmFtZSI6ImFkbWluLDEsMSwxIiwibmJmIjoxNzgyOTgzMTExLCJleHAiOjE3ODMwMTE5MTEsImlhdCI6MTc4Mjk4MzExMX0.vxuULiGy5UV1OBKNzNPKE42JrX_0519RQt9tb11sCdo'''
 ,1
 ,1
[System: 192.168.1.76] DEBUG | 07/02/2026 14:35:12.612 | General Service|:: CompanyIndex:1 SpName: spCOM_ConfigValues 
 1
 ,'NotifTime'
 ,''
[System: 192.168.1.76] DEBUG | 07/02/2026 14:35:12.612 | General Service|:: CompanyIndex:1 SpName: spADM_GetDataSet 
 'select * from COM_TokenHistory WITH(NOLOCK) where JwtToken=''eyJhbGciOiJIUzI1NiIsInR5cCI6IkpXVCJ9.eyJ1bmlxdWVfbmFtZSI6ImFkbWluLDEsMSwxIiwibmJmIjoxNzgyOTgzMTExLCJleHAiOjE3ODMwMTE5MTEsImlhdCI6MTc4Mjk4MzExMX0.vxuULiGy5UV1OBKNzNPKE42JrX_0519RQt9tb11sCdo'''
 ,1
 ,1
[System: 192.168.1.76] DEBUG | 07/02/2026 14:35:13.581 | General Service|:: CompanyIndex:1 SpName: spADM_GetRibbonView 
 1
 ,1
 ,1
 ,1
 ,0
 ,''
[System: 192.168.1.76] DEBUG | 07/02/2026 14:35:13.596 | General Service|:: CompanyIndex:1 SpName: spADM_GetDataSet 
 'select * from COM_TokenHistory WITH(NOLOCK) where JwtToken=''eyJhbGciOiJIUzI1NiIsInR5cCI6IkpXVCJ9.eyJ1bmlxdWVfbmFtZSI6ImFkbWluLDEsMSwxIiwibmJmIjoxNzgyOTgzMTExLCJleHAiOjE3ODMwMTE5MTEsImlhdCI6MTc4Mjk4MzExMX0.vxuULiGy5UV1OBKNzNPKE42JrX_0519RQt9tb11sCdo'''
 ,1
 ,1
[System: 192.168.1.76] DEBUG | 07/02/2026 14:35:13.878 | General Service|:: CompanyIndex:1 SpName: spRPT_GetReport 
 2
 ,0
 ,'1'
 ,'1'
 ,1
[System: 192.168.1.76] DEBUG | 07/02/2026 14:35:13.893 | General Service|:: CompanyIndex:1 SpName: spADM_GetDataSet 
 'select * from COM_TokenHistory WITH(NOLOCK) where JwtToken=''eyJhbGciOiJIUzI1NiIsInR5cCI6IkpXVCJ9.eyJ1bmlxdWVfbmFtZSI6ImFkbWluLDEsMSwxIiwibmJmIjoxNzgyOTgzMTExLCJleHAiOjE3ODMwMTE5MTEsImlhdCI6MTc4Mjk4MzExMX0.vxuULiGy5UV1OBKNzNPKE42JrX_0519RQt9tb11sCdo'''
 ,1
 ,1
[System: 192.168.1.76] DEBUG | 07/02/2026 14:35:13.924 | General Service|:: CompanyIndex:1 SpName: spADM_GetDashBoard 
 2
 ,0
 ,0
 ,'1'
 ,'1'
 ,1
[System: 192.168.1.76] DEBUG | 07/02/2026 14:35:13.924 | General Service|:: CompanyIndex:1 SpName: spADM_GetDataSet 
 'select * from COM_TokenHistory WITH(NOLOCK) where JwtToken=''eyJhbGciOiJIUzI1NiIsInR5cCI6IkpXVCJ9.eyJ1bmlxdWVfbmFtZSI6ImFkbWluLDEsMSwxIiwibmJmIjoxNzgyOTgzMTExLCJleHAiOjE3ODMwMTE5MTEsImlhdCI6MTc4Mjk4MzExMX0.vxuULiGy5UV1OBKNzNPKE42JrX_0519RQt9tb11sCdo'''
 ,1
 ,1
[System: 192.168.1.76] DEBUG | 07/02/2026 14:35:14.300 | General Service|:: CompanyIndex:1 SpName: spCOM_ConfigValues 
 1
 ,'LandingDocs'
 ,'1'
[System: 192.168.1.76] DEBUG | 07/02/2026 14:35:14.300 | General Service|:: CompanyIndex:1 SpName: spADM_GetDataSet 
 'select * from COM_TokenHistory WITH(NOLOCK) where JwtToken=''eyJhbGciOiJIUzI1NiIsInR5cCI6IkpXVCJ9.eyJ1bmlxdWVfbmFtZSI6ImFkbWluLDEsMSwxIiwibmJmIjoxNzgyOTgzMTExLCJleHAiOjE3ODMwMTE5MTEsImlhdCI6MTc4Mjk4MzExMX0.vxuULiGy5UV1OBKNzNPKE42JrX_0519RQt9tb11sCdo'''
 ,1
 ,1
[System: 192.168.1.76] DEBUG | 07/02/2026 14:35:14.378 | General Service|:: CompanyIndex:1 SpName: spCOM_GetFavorites 
 'GETLIST0'
 ,0
 ,'1'
 ,'1'
 ,1
[System: 192.168.1.76] DEBUG | 07/02/2026 14:35:14.378 | General Service|:: CompanyIndex:1 SpName: spADM_GetDataSet 
 'select * from COM_TokenHistory WITH(NOLOCK) where JwtToken=''eyJhbGciOiJIUzI1NiIsInR5cCI6IkpXVCJ9.eyJ1bmlxdWVfbmFtZSI6ImFkbWluLDEsMSwxIiwibmJmIjoxNzgyOTgzMTExLCJleHAiOjE3ODMwMTE5MTEsImlhdCI6MTc4Mjk4MzExMX0.vxuULiGy5UV1OBKNzNPKE42JrX_0519RQt9tb11sCdo'''
 ,1
 ,1
[System: 192.168.1.76] DEBUG | 07/02/2026 14:35:14.706 | General Service|:: CompanyIndex:1 SpName: spADM_GetAllListViewsDef 
 1
 ,1
[System: 192.168.1.76] DEBUG | 07/02/2026 14:35:14.721 | General Service|:: CompanyIndex:1 SpName: spADM_GetDataSet 
 'select * from COM_TokenHistory WITH(NOLOCK) where JwtToken=''eyJhbGciOiJIUzI1NiIsInR5cCI6IkpXVCJ9.eyJ1bmlxdWVfbmFtZSI6ImFkbWluLDEsMSwxIiwibmJmIjoxNzgyOTgzMTExLCJleHAiOjE3ODMwMTE5MTEsImlhdCI6MTc4Mjk4MzExMX0.vxuULiGy5UV1OBKNzNPKE42JrX_0519RQt9tb11sCdo'''
 ,1
 ,1
[System: 192.168.1.76] DEBUG | 07/02/2026 14:35:14.893 | General Service|:: CompanyIndex:1 SpName: spADM_GetAllListViewsDef 
 1
 ,1
[System: 192.168.1.76] DEBUG | 07/02/2026 14:35:14.893 | General Service|:: CompanyIndex:1 SpName: spADM_GetDataSet 
 'select * from COM_TokenHistory WITH(NOLOCK) where JwtToken=''eyJhbGciOiJIUzI1NiIsInR5cCI6IkpXVCJ9.eyJ1bmlxdWVfbmFtZSI6ImFkbWluLDEsMSwxIiwibmJmIjoxNzgyOTgzMTExLCJleHAiOjE3ODMwMTE5MTEsImlhdCI6MTc4Mjk4MzExMX0.vxuULiGy5UV1OBKNzNPKE42JrX_0519RQt9tb11sCdo'''
 ,1
 ,1
[System: 192.168.1.76] DEBUG | 07/02/2026 14:35:15.065 | General Service|:: CompanyIndex:1 SpName: spADM_GetDataSet 
 'Select CostCenterID,CostCenterColID,CostCenterName,SysTableName,UserColumnName,SysColumnName,ISNULL(UserDefaultValue,'''') UserDefaultValue
From AdM_CostCenterDef WITH(NOLOCK)
Where SysColumnName IN(''CreditAccount'',''DebitAccount'',''ProductID'') 
AND CostCenterID>40000 AND CostCenterID<50000 

SELECT * FROM ADM_Features WITH(NOLOCK) '
 ,1
 ,1
[System: 192.168.1.76] DEBUG | 07/02/2026 14:35:15.065 | General Service|:: CompanyIndex:1 SpName: spADM_GetDataSet 
 'select * from COM_TokenHistory WITH(NOLOCK) where JwtToken=''eyJhbGciOiJIUzI1NiIsInR5cCI6IkpXVCJ9.eyJ1bmlxdWVfbmFtZSI6ImFkbWluLDEsMSwxIiwibmJmIjoxNzgyOTgzMTExLCJleHAiOjE3ODMwMTE5MTEsImlhdCI6MTc4Mjk4MzExMX0.vxuULiGy5UV1OBKNzNPKE42JrX_0519RQt9tb11sCdo'''
 ,1
 ,1
[System: 192.168.1.76] DEBUG | 07/02/2026 14:35:15.128 | General Service|:: CompanyIndex:1 SpName: spADM_GetDataSet 
 '  SELECT * FROM PAY_PayrollPreferences WITH(NOLOCK) '
 ,1
 ,1
[System: 192.168.1.76] DEBUG | 07/02/2026 14:35:15.128 | General Service|:: CompanyIndex:1 SpName: spADM_GetDataSet 
 'select * from COM_TokenHistory WITH(NOLOCK) where JwtToken=''eyJhbGciOiJIUzI1NiIsInR5cCI6IkpXVCJ9.eyJ1bmlxdWVfbmFtZSI6ImFkbWluLDEsMSwxIiwibmJmIjoxNzgyOTgzMTExLCJleHAiOjE3ODMwMTE5MTEsImlhdCI6MTc4Mjk4MzExMX0.vxuULiGy5UV1OBKNzNPKE42JrX_0519RQt9tb11sCdo'''
 ,1
 ,1
[System: 192.168.1.76] DEBUG | 07/02/2026 14:35:15.159 | General Service|:: CompanyIndex:1 SpName: spADM_GetDataSet 
 '  --0
                                Select * FROM COM_CC50051 WITH(NOLOCK) WHERE IsGroup=0 AND LoginUserID=''admin''
                                --1                                
                                Select * FROM COM_CC50051 WITH(NOLOCK) WHERE RptManager IN (Select NodeID FROM COM_CC50051 WITH(NOLOCK) WHERE IsGroup=0 AND LoginUserID=''admin'')
                                UNION ALL
                                Select * FROM COM_CC50051 WITH(NOLOCK) WHERE RptManager IN 
                                (
	                                Select NodeID FROM COM_CC50051 WITH(NOLOCK) 
	                                WHERE IsGroup=0 AND LoginUserID IN
	                                (
	                                SELECT fe.LoginUserID
	                                FROM INV_DocDetails a WITH(NOLOCK) 
	                                JOIN COM_DocCCData b WITH(NOLOCK) ON b.InvDocDetailsID=a.InvDocDetailsID
	                                JOIN COM_DocNumData c WITH(NOLOCK) ON c.InvDocDetailsID=a.InvDocDetailsID
	                                JOIN COM_DocTextData d WITH(NOLOCK) ON d.InvDocDetailsID=a.InvDocDetailsID
	                                JOIN COM_CC50051 fe WITH(NOLOCK) on fe.NodeID=b.dcCCNID51
	                                JOIN COM_CC50051 te WITH(NOLOCK) on CONVERT(NVARCHAR,te.NodeID)=d.dcAlpha1
	                                WHERE a.CostCenterID=40098 and a.StatusID=369 AND d.dcAlpha3=''Temporary''
	                                AND te.LoginUserID=''admin'' 
	                                AND ISDATE(d.dcAlpha4)=1 AND ISDATE(d.dcAlpha5)=1 
	                                AND CONVERT(DATETIME,''02 Jul 2026'') BETWEEN CONVERT(DATETIME,d.dcAlpha4) AND CONVERT(DATETIME,d.dcAlpha5)
	                                )
                                )
                                --2
                                Select * FROM ADM_USERS WITH(NOLOCK) WHERE USERID=1
                                --3
                                Select * FROM COM_CostCenterCostCenterMap WITH(NOLOCK) WHERE ParentCostCenterID=7 AND ParentNodeID=1
                                --4                                
                                Select * FROM COM_CostCenterCostCenterMap WITH(NOLOCK) WHERE ParentCostCenterID=7 AND ParentNodeID=1
                                AND CostCenterID IN(Select ColumnCostCenterID From ADM_CostCenterDef Where CostCenterID=50051 AND IsColumnInUse=1 AND SysColumnName LIKE ''CCNID%'')
                                --5
                                Select * from COM_Files WITH(NOLOCK) WHERE FeatureID=50051 AND FeaturePK IN (Select NodeID FROM COM_CC50051 WITH(NOLOCK) WHERE IsGroup=0 AND LoginUserID=''admin'')                         
'
 ,1
 ,1
[System: 192.168.1.76] DEBUG | 07/02/2026 14:35:15.159 | General Service|:: CompanyIndex:1 SpName: spADM_GetDataSet 
 'select * from COM_TokenHistory WITH(NOLOCK) where JwtToken=''eyJhbGciOiJIUzI1NiIsInR5cCI6IkpXVCJ9.eyJ1bmlxdWVfbmFtZSI6ImFkbWluLDEsMSwxIiwibmJmIjoxNzgyOTgzMTExLCJleHAiOjE3ODMwMTE5MTEsImlhdCI6MTc4Mjk4MzExMX0.vxuULiGy5UV1OBKNzNPKE42JrX_0519RQt9tb11sCdo'''
 ,1
 ,1
[System: 192.168.1.76] DEBUG | 07/02/2026 14:35:15.174 | General Service|:: CompanyIndex:1 SpName: spADM_GetDataSet 
 'UPDATE C SET STATUSID=CASE WHEN ResignType=''Resigned'' THEN 302 WHEN ResignType=''Terminated With Cause'' THEN 303 WHEN ResignType=''Terminated Without Cause'' THEN 304 END 
                            FROM COM_CC50051 C WITH(NOLOCK)
                            WHERE ResignStatus=''Posted'' AND ResignType NOT IN(''Pending'',''Rejected'') 
                            AND DOResign IS NOT NULL AND DORelieve IS NOT NULL
                            AND STATUSID NOT IN(302,303,304)
                            AND DATEDIFF(D,GETDATE(),DORelieve)<0'
 ,1
 ,1
[System: 192.168.1.76] DEBUG | 07/02/2026 14:35:15.174 | General Service|:: CompanyIndex:1 SpName: spADM_GetDataSet 
 'select * from COM_TokenHistory WITH(NOLOCK) where JwtToken=''eyJhbGciOiJIUzI1NiIsInR5cCI6IkpXVCJ9.eyJ1bmlxdWVfbmFtZSI6ImFkbWluLDEsMSwxIiwibmJmIjoxNzgyOTgzMTExLCJleHAiOjE3ODMwMTE5MTEsImlhdCI6MTc4Mjk4MzExMX0.vxuULiGy5UV1OBKNzNPKE42JrX_0519RQt9tb11sCdo'''
 ,1
 ,1
[System: 192.168.1.76] DEBUG | 07/02/2026 14:35:15.284 | General Service|:: CompanyIndex:1 SpName: spADM_GetDataSet 
 'declare @UserID int,@RoleID int,@UserName NVARCHAR(100),@where nvarchar(max),@query nvarchar(max)
set @UserID=1
set @RoleID=1-- Employee:-1
SELECT @UserName=UserName From ADM_Users WITH(NOLOCK) WHERE UserID=@UserID
exec [fnGet_GetAssignedDims] @UserID,@RoleID,@where output
 create table #TblUsrWF(WID int,LevelID int,Type int,CtWef float,LvWef int)
EXEC spRPT_GetReportData @Type=8,@Param1=@UserID,@strXML=null,@RoleID=@RoleID set @query=''  SELECT DT.CostCenterID,DT.DocumentName,DT.DocumentType,DT.IsInventory,count(*) CNT
FROM (
 SELECT INV.CostCenterID
FROM INV_DocDetails INV with(nolock)''
if(@where<>'''')
	set @query=@query+'' join com_docccdata d with(nolock) on INV.INVDocDetailsid=d.INVDocDetailsid''	

set @query=@query+'' ,#TblUsrWF WF
WHERE WF.WID=INV.WorkflowID and (WF.LevelID>INV.WorkFlowLevel or (WF.LevelID+1=INV.WorkFlowLevel and INV.StatusID=372)) and (INV.StatusID=371 or INV.StatusID=372 or INV.StatusID=441) AND (WF.Type=1 or (INV.WorkFlowLevel+1=WF.LevelID and INV.StatusID!=372) or (WF.LevelID+1=INV.WorkFlowLevel and INV.StatusID=372) or (WF.CtWef is not null and INV.WorkFlowLevel>=WF.LvWef
    and INV.CreatedDate+WF.CtWef<=convert(float,getdate())))  ''+@where+''
GROUP BY INV.CostCenterID,INV.VoucherNo
UNION ALL
SELECT ACC.CostCenterID
FROM ACC_DocDetails ACC with(nolock)''
if(@where<>'''')
	set @query=@query+'' join com_docccdata d with(nolock) on ACC.ACCDocDetailsid=d.ACCDocDetailsid''	

set @query=@query+'',#TblUsrWF WF
WHERE ACC.LinkedAccDocDetailsID is null and ACC.InvDocDetailsID is null and WF.WID=ACC.WorkflowID and (WF.LevelID>ACC.WorkFlowLevel or (WF.LevelID+1=ACC.WorkFlowLevel and ACC.StatusID=372)) and (ACC.StatusID=371 or ACC.StatusID=372 or ACC.StatusID=441) AND (WF.Type=1 or (ACC.WorkFlowLevel+1=WF.LevelID and ACC.StatusID!=372) or (WF.LevelID+1=ACC.WorkFlowLevel and ACC.StatusID=372) or (WF.CtWef is not null and ACC.WorkFlowLevel>=WF.LvWef
    and ACC.CreatedDate+WF.CtWef<=convert(float,getdate())))   ''+@where+''
GROUP BY ACC.CostCenterID,ACC.VoucherNo  ) AS T
JOIN ADM_DocumentTypes DT with(nolock) ON T.CostCenterID=DT.CostCenterID
GROUP BY DT.CostCenterID,DT.DocumentName,DT.DocumentType,DT.IsInventory  
UNION ALL
SELECT DT.FeatureID CostCenterID,DT.Name DocumentName,-DT.FeatureID DocumentType,0 IsInventory,count(*) CNT
FROM (
SELECT INV.CostCenterID FROM REN_Contract INV WITH(NOLOCK),#TblUsrWF WF
WHERE  WF.WID=INV.WorkflowID and WF.LevelID>INV.WorkFlowLevel and (INV.StatusID=440 or INV.StatusID=470 or INV.StatusID=466) AND (WF.Type=1 or (INV.WorkFlowLevel+1=WF.LevelID and INV.StatusID!=470)  or (WF.CtWef is not null and INV.WorkFlowLevel>=WF.LvWef
 and INV.CreatedDate+WF.CtWef<=convert(float,getdate()))) AND INV.RefContractID=0 ) AS T
JOIN ADM_Features DT with(nolock) ON T.CostCenterID=DT.FeatureID
GROUP BY DT.FeatureID,DT.Name 
ORDER BY DocumentName''
exec(@query)

DROP TABLE #TblUsrWF
'
 ,1
 ,1
[System: 192.168.1.76] DEBUG | 07/02/2026 14:35:15.284 | General Service|:: CompanyIndex:1 SpName: spADM_GetDataSet 
 'select * from COM_TokenHistory WITH(NOLOCK) where JwtToken=''eyJhbGciOiJIUzI1NiIsInR5cCI6IkpXVCJ9.eyJ1bmlxdWVfbmFtZSI6ImFkbWluLDEsMSwxIiwibmJmIjoxNzgyOTgzMTExLCJleHAiOjE3ODMwMTE5MTEsImlhdCI6MTc4Mjk4MzExMX0.vxuULiGy5UV1OBKNzNPKE42JrX_0519RQt9tb11sCdo'''
 ,1
 ,1
[System: 192.168.1.76] DEBUG | 07/02/2026 14:35:15.284 | General Service|:: CompanyIndex:1 SpName: spADM_GetDataSet 
 'select * from COM_TokenHistory WITH(NOLOCK) where JwtToken=''eyJhbGciOiJIUzI1NiIsInR5cCI6IkpXVCJ9.eyJ1bmlxdWVfbmFtZSI6ImFkbWluLDEsMSwxIiwibmJmIjoxNzgyOTgzMTExLCJleHAiOjE3ODMwMTE5MTEsImlhdCI6MTc4Mjk4MzExMX0.vxuULiGy5UV1OBKNzNPKE42JrX_0519RQt9tb11sCdo'''
 ,1
 ,1
[System: 192.168.1.76] DEBUG | 07/02/2026 14:35:15.659 | General Service|:: CompanyIndex:1 SpName: spCOM_GetFavorites 
 'GETLIST0'
 ,0
 ,'1'
 ,'1'
 ,1
[System: 192.168.1.76] DEBUG | 07/02/2026 14:35:15.674 | General Service|:: CompanyIndex:1 SpName: spADM_GetDataSet 
 'select * from COM_TokenHistory WITH(NOLOCK) where JwtToken=''eyJhbGciOiJIUzI1NiIsInR5cCI6IkpXVCJ9.eyJ1bmlxdWVfbmFtZSI6ImFkbWluLDEsMSwxIiwibmJmIjoxNzgyOTgzMTExLCJleHAiOjE3ODMwMTE5MTEsImlhdCI6MTc4Mjk4MzExMX0.vxuULiGy5UV1OBKNzNPKE42JrX_0519RQt9tb11sCdo'''
 ,1
 ,1
[System: 192.168.1.76] DEBUG | 07/02/2026 14:35:15.721 | General Service|:: CompanyIndex:1 SpName: spCOM_GetFavorites 
 'VIEW'
 ,8
 ,'1'
 ,'1'
 ,1
[System: 192.168.1.76] DEBUG | 07/02/2026 14:35:15.737 | General Service|:: CompanyIndex:1 SpName: spADM_GetDataSet 
 'select * from COM_TokenHistory WITH(NOLOCK) where JwtToken=''eyJhbGciOiJIUzI1NiIsInR5cCI6IkpXVCJ9.eyJ1bmlxdWVfbmFtZSI6ImFkbWluLDEsMSwxIiwibmJmIjoxNzgyOTgzMTExLCJleHAiOjE3ODMwMTE5MTEsImlhdCI6MTc4Mjk4MzExMX0.vxuULiGy5UV1OBKNzNPKE42JrX_0519RQt9tb11sCdo'''
 ,1
 ,1
[System: 192.168.1.76] DEBUG | 07/02/2026 14:36:15.837 | General Service|:: CompanyIndex:1 SpName: spADM_GetDataSet 
 'declare @UserID int,@RoleID int,@UserName NVARCHAR(100),@where nvarchar(max),@query nvarchar(max)
set @UserID=1
set @RoleID=1-- Employee:-1
SELECT @UserName=UserName From ADM_Users WITH(NOLOCK) WHERE UserID=@UserID
exec [fnGet_GetAssignedDims] @UserID,@RoleID,@where output
 create table #TblUsrWF(WID int,LevelID int,Type int,CtWef float,LvWef int)
EXEC spRPT_GetReportData @Type=8,@Param1=@UserID,@strXML=null,@RoleID=@RoleID set @query=''  SELECT DT.CostCenterID,DT.DocumentName,DT.DocumentType,DT.IsInventory,count(*) CNT
FROM (
 SELECT INV.CostCenterID
FROM INV_DocDetails INV with(nolock)''
if(@where<>'''')
	set @query=@query+'' join com_docccdata d with(nolock) on INV.INVDocDetailsid=d.INVDocDetailsid''	

set @query=@query+'' ,#TblUsrWF WF
WHERE WF.WID=INV.WorkflowID and (WF.LevelID>INV.WorkFlowLevel or (WF.LevelID+1=INV.WorkFlowLevel and INV.StatusID=372)) and (INV.StatusID=371 or INV.StatusID=372 or INV.StatusID=441) AND (WF.Type=1 or (INV.WorkFlowLevel+1=WF.LevelID and INV.StatusID!=372) or (WF.LevelID+1=INV.WorkFlowLevel and INV.StatusID=372) or (WF.CtWef is not null and INV.WorkFlowLevel>=WF.LvWef
    and INV.CreatedDate+WF.CtWef<=convert(float,getdate())))  ''+@where+''
GROUP BY INV.CostCenterID,INV.VoucherNo
UNION ALL
SELECT ACC.CostCenterID
FROM ACC_DocDetails ACC with(nolock)''
if(@where<>'''')
	set @query=@query+'' join com_docccdata d with(nolock) on ACC.ACCDocDetailsid=d.ACCDocDetailsid''	

set @query=@query+'',#TblUsrWF WF
WHERE ACC.LinkedAccDocDetailsID is null and ACC.InvDocDetailsID is null and WF.WID=ACC.WorkflowID and (WF.LevelID>ACC.WorkFlowLevel or (WF.LevelID+1=ACC.WorkFlowLevel and ACC.StatusID=372)) and (ACC.StatusID=371 or ACC.StatusID=372 or ACC.StatusID=441) AND (WF.Type=1 or (ACC.WorkFlowLevel+1=WF.LevelID and ACC.StatusID!=372) or (WF.LevelID+1=ACC.WorkFlowLevel and ACC.StatusID=372) or (WF.CtWef is not null and ACC.WorkFlowLevel>=WF.LvWef
    and ACC.CreatedDate+WF.CtWef<=convert(float,getdate())))   ''+@where+''
GROUP BY ACC.CostCenterID,ACC.VoucherNo  ) AS T
JOIN ADM_DocumentTypes DT with(nolock) ON T.CostCenterID=DT.CostCenterID
GROUP BY DT.CostCenterID,DT.DocumentName,DT.DocumentType,DT.IsInventory  
UNION ALL
SELECT DT.FeatureID CostCenterID,DT.Name DocumentName,-DT.FeatureID DocumentType,0 IsInventory,count(*) CNT
FROM (
SELECT INV.CostCenterID FROM REN_Contract INV WITH(NOLOCK),#TblUsrWF WF
WHERE  WF.WID=INV.WorkflowID and WF.LevelID>INV.WorkFlowLevel and (INV.StatusID=440 or INV.StatusID=470 or INV.StatusID=466) AND (WF.Type=1 or (INV.WorkFlowLevel+1=WF.LevelID and INV.StatusID!=470)  or (WF.CtWef is not null and INV.WorkFlowLevel>=WF.LvWef
 and INV.CreatedDate+WF.CtWef<=convert(float,getdate()))) AND INV.RefContractID=0 ) AS T
JOIN ADM_Features DT with(nolock) ON T.CostCenterID=DT.FeatureID
GROUP BY DT.FeatureID,DT.Name 
ORDER BY DocumentName''
exec(@query)

DROP TABLE #TblUsrWF
'
 ,1
 ,1
[System: 192.168.1.76] DEBUG | 07/02/2026 14:36:15.930 | General Service|:: CompanyIndex:1 SpName: spADM_GetDataSet 
 'select * from COM_TokenHistory WITH(NOLOCK) where JwtToken=''eyJhbGciOiJIUzI1NiIsInR5cCI6IkpXVCJ9.eyJ1bmlxdWVfbmFtZSI6ImFkbWluLDEsMSwxIiwibmJmIjoxNzgyOTgzMTExLCJleHAiOjE3ODMwMTE5MTEsImlhdCI6MTc4Mjk4MzExMX0.vxuULiGy5UV1OBKNzNPKE42JrX_0519RQt9tb11sCdo'''
 ,1
 ,1
[System: 192.168.1.76] DEBUG | 07/02/2026 14:36:35.473 | General Service|:: CompanyIndex:0 SpName: spADM_Login 
 6
 ,'1ae03fa6-1a94-4e72-bc58-3dd3c5699dbf'
 ,''
 ,''
 ,''
 ,''
 ,1
[System: 192.168.1.76] DEBUG | 07/02/2026 14:36:35.473 | General Service|:: CompanyIndex:1 SpName: spADM_GetDataSet 
 'select * from COM_TokenHistory WITH(NOLOCK) where JwtToken=''eyJhbGciOiJIUzI1NiIsInR5cCI6IkpXVCJ9.eyJ1bmlxdWVfbmFtZSI6ImFkbWluLDEsMSwxIiwibmJmIjoxNzgyOTgzMTExLCJleHAiOjE3ODMwMTE5MTEsImlhdCI6MTc4Mjk4MzExMX0.vxuULiGy5UV1OBKNzNPKE42JrX_0519RQt9tb11sCdo'''
 ,1
 ,1
[System: 192.168.1.76] DEBUG | 07/02/2026 14:36:35.520 | General Service|:: CompanyIndex:1 SpName: sp_SetTokenHistory 
 0
 ,'eyJhbGciOiJIUzI1NiIsInR5cCI6IkpXVCJ9.eyJ1bmlxdWVfbmFtZSI6ImFkbWluLDEsMSwxIiwibmJmIjoxNzgyOTgzMTExLCJleHAiOjE3ODMwMTE5MTEsImlhdCI6MTc4Mjk4MzExMX0.vxuULiGy5UV1OBKNzNPKE42JrX_0519RQt9tb11sCdo'
 ,''
 ,NULL
 ,1
 ,1
 message=Saved Succesfully
[System: 192.168.1.76] DEBUG | 07/02/2026 14:36:35.536 | General Service|:: CompanyIndex:1 SpName: spADM_GetDataSet 
 'select * from COM_TokenHistory WITH(NOLOCK) where JwtToken=''eyJhbGciOiJIUzI1NiIsInR5cCI6IkpXVCJ9.eyJ1bmlxdWVfbmFtZSI6ImFkbWluLDEsMSwxIiwibmJmIjoxNzgyOTgzMTExLCJleHAiOjE3ODMwMTE5MTEsImlhdCI6MTc4Mjk4MzExMX0.vxuULiGy5UV1OBKNzNPKE42JrX_0519RQt9tb11sCdo'''
 ,1
 ,1
[System: 192.168.1.76] DEBUG | 07/02/2026 14:37:49.481 | General Service|:: CompanyIndex:0 SpName: spADM_GetClientUserDetails2C 
 'admin'
 ,1
 ,0
[System: 192.168.1.76] DEBUG | 07/02/2026 14:37:49.512 | General Service|:: CompanyIndex:0 SpName: spADM_UserLoginCheck 
 2
 ,'admin'
 ,0
 ,'192.168.1.76'
 ,'192.168.1.76'
 ,''
 ,'Web'
 ,1
